2026-05-02 09:24:21,233 INFO Registered agent_id=a5ef1bf5-6046-4a03-8d08-3eb9fd310c54 hostname=demo-test ip=testclient
2026-05-02 09:24:21,260 INFO Created task_id=093f6c4f-10de-441f-973e-097f20e0e87e agent_id=a5ef1bf5-6046-4a03-8d08-3eb9fd310c54 type=system_info
2026-05-02 09:24:21,290 INFO Dispatched task_id=093f6c4f-10de-441f-973e-097f20e0e87e agent_id=a5ef1bf5-6046-4a03-8d08-3eb9fd310c54 type=system_info
2026-05-02 09:24:21,309 INFO Saved result task_id=093f6c4f-10de-441f-973e-097f20e0e87e status=completed
2026-05-02 09:25:46,527 INFO Registered agent_id=08281c0c-8334-4464-ba94-f914d41aded8 hostname=final-smoke ip=testclient
2026-05-02 09:25:46,566 INFO Created task_id=547785e9-9e2c-4755-8278-51969ffe53f3 agent_id=08281c0c-8334-4464-ba94-f914d41aded8 type=system_info
2026-05-02 09:25:46,593 INFO Dispatched task_id=547785e9-9e2c-4755-8278-51969ffe53f3 agent_id=08281c0c-8334-4464-ba94-f914d41aded8 type=system_info
2026-05-02 09:25:46,610 INFO Saved result task_id=547785e9-9e2c-4755-8278-51969ffe53f3 status=completed
2026-05-02 09:26:08,192 INFO Server started and database tables are ready
2026-05-02 10:14:07,472 INFO Registered agent_id=25d0346a-4664-46c9-bacc-ac78d4aac99a hostname=default-hostname ip=127.0.0.1
2026-05-02 21:06:28,338 INFO Server started and database tables are ready
2026-05-02 21:07:21,890 INFO Server started and database tables are ready
2026-05-02 21:11:04,885 INFO Server started and database tables are ready
2026-05-02 21:14:59,393 WARNING Unauthorized task poll agent_id=9f793a33-355d-40b9-a7fb-ac6ee20fbeb1
2026-05-02 21:15:06,499 INFO Registered agent_id=acd9729a-a014-4b35-9a83-025059c4acbd hostname=DESKTOP-MOHHBTU ip=127.0.0.1
2026-05-02 21:19:36,443 INFO Server started and database tables are ready
2026-05-02 21:21:13,965 INFO Server started and database tables are ready
2026-05-02 21:22:17,947 INFO Server started and database tables are ready
2026-05-02 21:24:19,205 INFO Created task from web form task_id=609c9a69-6c85-4f08-955f-010cbc6afb97 agent_id=acd9729a-a014-4b35-9a83-025059c4acbd type=system_info
2026-05-02 21:24:25,310 INFO Dispatched task_id=609c9a69-6c85-4f08-955f-010cbc6afb97 agent_id=acd9729a-a014-4b35-9a83-025059c4acbd type=system_info
2026-05-02 21:24:27,634 INFO Saved result task_id=609c9a69-6c85-4f08-955f-010cbc6afb97 status=completed
2026-05-02 21:26:16,282 INFO Created task from web form task_id=b56ade98-9b18-46c8-a1d1-bc73157f5c46 agent_id=acd9729a-a014-4b35-9a83-025059c4acbd type=run_command
2026-05-02 21:26:20,854 INFO Dispatched task_id=b56ade98-9b18-46c8-a1d1-bc73157f5c46 agent_id=acd9729a-a014-4b35-9a83-025059c4acbd type=run_command
2026-05-02 21:26:22,925 INFO Saved result task_id=b56ade98-9b18-46c8-a1d1-bc73157f5c46 status=completed
2026-05-02 21:26:32,620 INFO Created task from web form task_id=9296966e-8414-429f-acec-bfd21a889e18 agent_id=acd9729a-a014-4b35-9a83-025059c4acbd type=list_files
2026-05-02 21:26:37,092 INFO Dispatched task_id=9296966e-8414-429f-acec-bfd21a889e18 agent_id=acd9729a-a014-4b35-9a83-025059c4acbd type=list_files
2026-05-02 21:26:39,170 INFO Saved result task_id=9296966e-8414-429f-acec-bfd21a889e18 status=completed
2026-05-03 01:28:04,146 INFO Registered agent_id=201ebf94-54b6-4a51-bd3c-08b9e344887a hostname=DESKTOP-MOHHBTU ip=127.0.0.1
2026-05-03 12:59:40,773 INFO Server started and database tables are ready
2026-05-03 13:02:28,296 INFO Server started and database tables are ready
2026-05-03 13:03:01,700 INFO Registered agent_id=041668f7-aeba-4113-9ab8-70ce7bdc4d6a hostname=DESKTOP-MOHHBTU ip=127.0.0.1
2026-05-03 13:06:40,867 INFO Server started and database tables are ready
2026-05-04 11:10:54,395 INFO Server started and database tables are ready
2026-05-04 11:11:05,038 INFO Registered agent_id=e89ddf33-527f-47a3-8a67-8af43f20f402 hostname=DESKTOP-MOHHBTU ip=127.0.0.1
2026-05-04 11:17:25,301 INFO Created task from web form task_id=8149903f-3cd8-4d13-b0e5-da8c33a826b2 agent_id=acd9729a-a014-4b35-9a83-025059c4acbd type=wmic cpu get name
2026-05-04 11:19:45,997 INFO Created task from web form task_id=b73dc71d-a53b-4a87-afae-d1fce93383a4 agent_id=041668f7-aeba-4113-9ab8-70ce7bdc4d6a type=wmic cpu get name
2026-05-04 11:20:18,089 INFO Created task from web form task_id=9f1f7dfc-5341-4ac3-a3bf-3d663c57db12 agent_id=e89ddf33-527f-47a3-8a67-8af43f20f402 type=wmic cpu get name
2026-05-04 11:20:19,431 INFO Dispatched task_id=9f1f7dfc-5341-4ac3-a3bf-3d663c57db12 agent_id=e89ddf33-527f-47a3-8a67-8af43f20f402 type=wmic cpu get name
2026-05-04 11:20:22,077 INFO Saved result task_id=9f1f7dfc-5341-4ac3-a3bf-3d663c57db12 status=completed
2026-05-04 13:25:58,964 INFO Server started and database tables are ready
2026-05-04 13:25:59,921 INFO Registered agent_id=35ca9f27-07e7-4b81-941d-92f3f2474187 hostname=DESKTOP-MOHHBTU ip=127.0.0.1
2026-05-07 13:54:54,995 INFO Server started and database tables are ready
2026-05-07 13:55:56,232 INFO Server started and database tables are ready
2026-05-07 13:56:28,667 INFO Registered agent_id=b7859193-c396-45ff-a23d-45ea40160539 hostname=DESKTOP-MOHHBTU ip=127.0.0.1
2026-05-07 14:09:19,826 INFO Server started and database tables are ready
2026-05-07 14:09:39,819 INFO Registered agent_id=9254c73f-afc4-4c84-ab1a-aad876b441fc hostname=DESKTOP-MOHHBTU ip=127.0.0.1
2026-05-07 14:10:30,262 INFO Deleted agent_id=b7859193-c396-45ff-a23d-45ea40160539
2026-05-07 14:10:34,759 INFO Deleted agent_id=25d0346a-4664-46c9-bacc-ac78d4aac99a
2026-05-07 14:10:37,609 INFO Deleted agent_id=acd9729a-a014-4b35-9a83-025059c4acbd
2026-05-07 14:10:42,428 INFO Deleted agent_id=201ebf94-54b6-4a51-bd3c-08b9e344887a
2026-05-07 14:10:46,420 INFO Deleted agent_id=041668f7-aeba-4113-9ab8-70ce7bdc4d6a
2026-05-07 14:20:45,982 INFO Server started and database tables are ready
2026-05-07 14:20:49,209 INFO Registered agent_id=caec2d75-746a-4992-a492-3aac727899c5 hostname=DESKTOP-MOHHBTU ip=127.0.0.1
2026-05-07 14:21:10,016 INFO Deleted task_id=093f6c4f-10de-441f-973e-097f20e0e87e
2026-05-07 14:21:22,775 INFO Deleted task_id=8149903f-3cd8-4d13-b0e5-da8c33a826b2
2026-05-11 16:07:00,768 INFO Server started and database tables are ready
2026-05-11 16:07:24,138 INFO Registered agent_id=07b802ba-e1e3-4326-ba82-79831db7c0bd hostname=DESKTOP-MOHHBTU ip=127.0.0.1
2026-05-12 08:59:38,028 INFO Server started and database tables are ready
2026-05-12 09:00:07,854 INFO Registered agent_id=9a5f81b2-5706-4e32-92b3-22bd91c4b6cc hostname=DESKTOP-MOHHBTU ip=127.0.0.1
2026-05-12 09:02:25,884 INFO Deleted agent_id=e89ddf33-527f-47a3-8a67-8af43f20f402
2026-05-12 14:11:28,098 INFO Server started and database tables are ready
2026-05-12 14:11:48,569 INFO Registered agent_id=f72301c3-b2c4-44bb-b805-eef08acd4a7e hostname=DESKTOP-MOHHBTU ip=127.0.0.1
2026-05-12 14:18:09,010 INFO Registered agent_id=a81ae5ec-8d21-4641-9ea7-0352e6d772e5 hostname=DESKTOP-MOHHBTU ip=10.24.1.245
2026-05-12 14:20:11,262 INFO Created task from web form task_id=35cd0b7a-7af7-484e-a481-c4004f3004e6 agent_id=35ca9f27-07e7-4b81-941d-92f3f2474187 type=ipconfig
2026-05-12 14:21:03,547 INFO Created task from web form task_id=3cc3a3a7-28b1-44ec-ae91-193e93275462 agent_id=a81ae5ec-8d21-4641-9ea7-0352e6d772e5 type=ipconfig
2026-05-12 14:21:08,035 INFO Dispatched task_id=3cc3a3a7-28b1-44ec-ae91-193e93275462 agent_id=a81ae5ec-8d21-4641-9ea7-0352e6d772e5 type=ipconfig
2026-05-12 14:21:08,229 INFO Saved result task_id=3cc3a3a7-28b1-44ec-ae91-193e93275462 status=completed
2026-05-12 14:22:28,150 INFO Created task from web form task_id=e29d56ed-3891-4009-b7ff-40ca46e0e350 agent_id=35ca9f27-07e7-4b81-941d-92f3f2474187 type=shutdown /s /t 30
2026-05-12 14:23:13,586 INFO Deleted task_id=e29d56ed-3891-4009-b7ff-40ca46e0e350
2026-05-12 14:23:25,832 INFO Created task from web form task_id=f93add4d-131e-475d-bd82-3ecc63025220 agent_id=a81ae5ec-8d21-4641-9ea7-0352e6d772e5 type=shutdown /s /t 30
2026-05-12 14:23:29,404 INFO Dispatched task_id=f93add4d-131e-475d-bd82-3ecc63025220 agent_id=a81ae5ec-8d21-4641-9ea7-0352e6d772e5 type=shutdown /s /t 30
2026-05-12 14:23:29,617 INFO Saved result task_id=f93add4d-131e-475d-bd82-3ecc63025220 status=completed
2026-05-12 14:31:21,391 INFO Registered agent_id=4c6a3c46-f0ab-4bc8-985f-26f9e5feccb5 hostname=DESKTOP-MOHHBTU ip=10.24.1.245
2026-05-12 14:34:23,440 INFO Registered agent_id=b66c08f9-2a89-40b4-93c7-d45b44a80e9b hostname=DESKTOP-MOHHBTU ip=10.24.1.245
2026-05-12 14:35:16,710 INFO Created task from web form task_id=e0ac2225-7612-4229-84b5-2c1e8465b992 agent_id=b66c08f9-2a89-40b4-93c7-d45b44a80e9b type=start chrome https://www.youtube.com
2026-05-12 14:35:21,259 INFO Dispatched task_id=e0ac2225-7612-4229-84b5-2c1e8465b992 agent_id=b66c08f9-2a89-40b4-93c7-d45b44a80e9b type=start chrome https://www.youtube.com
2026-05-12 14:35:21,469 INFO Saved result task_id=e0ac2225-7612-4229-84b5-2c1e8465b992 status=completed
2026-05-12 14:35:57,967 INFO Deleted task_id=35cd0b7a-7af7-484e-a481-c4004f3004e6
2026-05-12 14:36:01,267 INFO Deleted task_id=b73dc71d-a53b-4a87-afae-d1fce93383a4
2026-05-12 14:36:12,280 INFO Deleted agent_id=35ca9f27-07e7-4b81-941d-92f3f2474187
2026-05-12 14:36:15,003 INFO Deleted agent_id=9254c73f-afc4-4c84-ab1a-aad876b441fc
2026-05-12 14:36:18,146 INFO Deleted agent_id=caec2d75-746a-4992-a492-3aac727899c5
2026-05-12 14:39:06,083 INFO Registered agent_id=4f7f5a0e-97e8-4eb3-b637-af45fad888df hostname=Jude ip=10.24.1.240
2026-05-12 14:40:22,936 INFO Created task from web form task_id=9fec6998-479c-42b5-8436-76c8ba0c8d60 agent_id=4f7f5a0e-97e8-4eb3-b637-af45fad888df type=start chrome https://www.xxnx.com
2026-05-12 14:40:24,820 INFO Dispatched task_id=9fec6998-479c-42b5-8436-76c8ba0c8d60 agent_id=4f7f5a0e-97e8-4eb3-b637-af45fad888df type=start chrome https://www.xxnx.com
2026-05-12 14:40:25,232 INFO Saved result task_id=9fec6998-479c-42b5-8436-76c8ba0c8d60 status=completed
2026-05-12 14:41:52,075 INFO Created task from web form task_id=dba2f7b8-983a-402f-a760-126e736f2d7a agent_id=b66c08f9-2a89-40b4-93c7-d45b44a80e9b type=start chrome https://www.xxnx.com
2026-05-12 14:41:57,589 INFO Dispatched task_id=dba2f7b8-983a-402f-a760-126e736f2d7a agent_id=b66c08f9-2a89-40b4-93c7-d45b44a80e9b type=start chrome https://www.xxnx.com
2026-05-12 14:41:58,028 INFO Saved result task_id=dba2f7b8-983a-402f-a760-126e736f2d7a status=completed
2026-05-12 14:42:18,965 INFO Created task from web form task_id=431d99bd-df32-425d-a48e-69f26cebbd81 agent_id=b66c08f9-2a89-40b4-93c7-d45b44a80e9b type=start chrome https://www.pornhub.com
2026-05-12 14:42:19,061 INFO Dispatched task_id=431d99bd-df32-425d-a48e-69f26cebbd81 agent_id=b66c08f9-2a89-40b4-93c7-d45b44a80e9b type=start chrome https://www.pornhub.com
2026-05-12 14:42:19,596 INFO Saved result task_id=431d99bd-df32-425d-a48e-69f26cebbd81 status=completed
2026-05-12 14:42:44,249 INFO Deleted task_id=547785e9-9e2c-4755-8278-51969ffe53f3
2026-05-12 14:42:47,913 INFO Deleted task_id=609c9a69-6c85-4f08-955f-010cbc6afb97
